#-----------------------------------------------------------
# Vivado v2019.2 (64-bit)
# SW Build 2708876 on Wed Nov  6 21:40:23 MST 2019
# IP Build 2700528 on Thu Nov  7 00:09:20 MST 2019
# Start of session at: Wed Apr 22 14:07:29 2020
# Process ID: 4480
# Current directory: C:/Users/jc170/Documents/Vivado Projects/VGA_Controller
# Command line: vivado.exe -gui_launcher_event rodinguilauncherevent14652 C:\Users\jc170\Documents\Vivado Projects\VGA_Controller\VGA_Controller.xpr
# Log file: C:/Users/jc170/Documents/Vivado Projects/VGA_Controller/vivado.log
# Journal file: C:/Users/jc170/Documents/Vivado Projects/VGA_Controller\vivado.jou
#-----------------------------------------------------------
start_gui
open_project {C:/Users/jc170/Documents/Vivado Projects/VGA_Controller/VGA_Controller.xpr}
update_compile_order -fileset sources_1
close [ open {C:/Users/jc170/Documents/Vivado Projects/VGA_Controller/VGA_Controller.srcs/sources_1/new/foreground_tileset_memory.v} w ]
add_files {{C:/Users/jc170/Documents/Vivado Projects/VGA_Controller/VGA_Controller.srcs/sources_1/new/foreground_tileset_memory.v}}
update_compile_order -fileset sources_1
update_compile_order -fileset sources_1
update_compile_order -fileset sources_1
update_compile_order -fileset sources_1
update_compile_order -fileset sources_1
update_compile_order -fileset sources_1
synth_design -rtl -name rtl_1
synth_design -rtl -name rtl_1
reset_run synth_1
launch_runs synth_1 -jobs 4
wait_on_run synth_1
open_run synth_1 -name synth_1
reset_run synth_1
launch_runs synth_1 -jobs 4
wait_on_run synth_1
refresh_design
current_design rtl_1
refresh_design
refresh_design
refresh_design
