Copyright 1986-2019 Xilinx, Inc. All Rights Reserved.
---------------------------------------------------------------------------------------
| Tool Version : Vivado v.2019.2 (win64) Build 2708876 Wed Nov  6 21:40:23 MST 2019
| Date         : Mon May  4 21:46:26 2020
| Host         : DESKTOP-6IO763U running 64-bit major release  (build 9200)
| Command      : report_control_sets -verbose -file system_top_control_sets_placed.rpt
| Design       : system_top
| Device       : xc7a35t
---------------------------------------------------------------------------------------

Control Set Information

Table of Contents
-----------------
1. Summary
2. Histogram
3. Flip-Flop Distribution
4. Detailed Control Set Information

1. Summary
----------

+----------------------------------------------------------+-------+
|                          Status                          | Count |
+----------------------------------------------------------+-------+
| Total control sets                                       |    92 |
|    Minimum number of control sets                        |    92 |
|    Addition due to synthesis replication                 |     0 |
|    Addition due to physical synthesis replication        |     0 |
| Unused register locations in slices containing registers |   409 |
+----------------------------------------------------------+-------+
* Control sets can be merged at opt_design using control_set_merge or merge_equivalent_drivers
** Run report_qor_suggestions for automated merging and remapping suggestions


2. Histogram
------------

+--------------------+-------+
|       Fanout       | Count |
+--------------------+-------+
| Total control sets |    92 |
| >= 0 to < 4        |     2 |
| >= 4 to < 6        |    33 |
| >= 6 to < 8        |     1 |
| >= 8 to < 10       |     9 |
| >= 10 to < 12      |    11 |
| >= 12 to < 14      |    33 |
| >= 14 to < 16      |     1 |
| >= 16              |     2 |
+--------------------+-------+
* Control sets can be remapped at either synth_design or opt_design


3. Flip-Flop Distribution
-------------------------

+--------------+-----------------------+------------------------+-----------------+--------------+
| Clock Enable | Synchronous Set/Reset | Asynchronous Set/Reset | Total Registers | Total Slices |
+--------------+-----------------------+------------------------+-----------------+--------------+
| No           | No                    | No                     |              89 |           47 |
| No           | No                    | Yes                    |               0 |            0 |
| No           | Yes                   | No                     |              10 |            5 |
| Yes          | No                    | No                     |             555 |          269 |
| Yes          | No                    | Yes                    |               0 |            0 |
| Yes          | Yes                   | No                     |             137 |           51 |
+--------------+-----------------------+------------------------+-----------------+--------------+


4. Detailed Control Set Information
-----------------------------------

+----------------------+-----------------------------------------+------------------------------------------+------------------+----------------+
|     Clock Signal     |              Enable Signal              |             Set/Reset Signal             | Slice Load Count | Bel Load Count |
+----------------------+-----------------------------------------+------------------------------------------+------------------+----------------+
|  clk_BUFG            | console_ppu/hvcount/hcounter[9]_i_1_n_0 |                                          |                1 |              1 |
|  sys_clk_IBUF_BUFG   |                                         |                                          |                1 |              1 |
| ~step_clk_BUFG       | program_counter/program_addr_reg[5]_5   | program_counter/registers[31][15]_i_8_5  |                1 |              4 |
|  clk_div/tff1/CLK    | ctrl1/num_clks                          |                                          |                1 |              4 |
| ~step_clk_BUFG       | program_counter/program_addr_reg[5]_30  | program_counter/registers[31][15]_i_8_30 |                1 |              4 |
| ~step_clk_BUFG       | program_counter/program_addr_reg[5]_27  | program_counter/registers[31][15]_i_8_27 |                1 |              4 |
| ~step_clk_BUFG       | program_counter/program_addr_reg[5]_21  | program_counter/registers[31][15]_i_8_21 |                1 |              4 |
| ~step_clk_BUFG       | program_counter/program_addr_reg[5]_15  | program_counter/registers[31][15]_i_8_15 |                1 |              4 |
| ~step_clk_BUFG       | program_counter/program_addr_reg[5]_20  | program_counter/registers[31][15]_i_8_20 |                1 |              4 |
| ~step_clk_BUFG       | program_counter/program_addr_reg[5]_24  | program_counter/registers[31][15]_i_8_24 |                2 |              4 |
| ~step_clk_BUFG       | program_counter/program_addr_reg[5]_16  | program_counter/registers[31][15]_i_8_16 |                1 |              4 |
| ~step_clk_BUFG       | program_counter/program_addr_reg[5]_22  | program_counter/registers[31][15]_i_8_22 |                3 |              4 |
| ~step_clk_BUFG       | program_counter/registers               | program_counter/registers[31][15]_i_8_0  |                3 |              4 |
| ~step_clk_BUFG       | program_counter/program_addr_reg[5]_19  | program_counter/registers[31][15]_i_8_19 |                1 |              4 |
| ~step_clk_BUFG       | program_counter/program_addr_reg[5]_28  | program_counter/registers[31][15]_i_8_28 |                1 |              4 |
| ~step_clk_BUFG       | program_counter/program_addr_reg[5]_6   | program_counter/registers[31][15]_i_8_6  |                2 |              4 |
| ~step_clk_BUFG       | program_counter/program_addr_reg[5]_12  | program_counter/registers[31][15]_i_8_12 |                2 |              4 |
| ~step_clk_BUFG       | program_counter/program_addr_reg[5]_10  | program_counter/registers[31][15]_i_8_10 |                2 |              4 |
| ~step_clk_BUFG       | program_counter/program_addr_reg[5]_3   | program_counter/registers[31][15]_i_8_3  |                1 |              4 |
| ~step_clk_BUFG       | program_counter/program_addr_reg[5]_23  | program_counter/registers[31][15]_i_8_23 |                1 |              4 |
| ~step_clk_BUFG       | program_counter/program_addr_reg[5]_13  | program_counter/registers[31][15]_i_8_13 |                1 |              4 |
| ~step_clk_BUFG       | program_counter/program_addr_reg[5]_9   | program_counter/registers[31][15]_i_8_9  |                1 |              4 |
| ~step_clk_BUFG       | program_counter/program_addr_reg[5]_8   | program_counter/registers[31][15]_i_8_8  |                3 |              4 |
| ~step_clk_BUFG       | program_counter/program_addr_reg[5]_4   | program_counter/registers[31][15]_i_8_4  |                2 |              4 |
| ~step_clk_BUFG       | program_counter/program_addr_reg[5]_18  | program_counter/registers[31][15]_i_8_18 |                1 |              4 |
| ~step_clk_BUFG       | program_counter/program_addr_reg[5]_31  | program_counter/registers[31][15]_i_8_31 |                1 |              4 |
| ~step_clk_BUFG       | program_counter/program_addr_reg[5]_1   | program_counter/registers[31][15]_i_8_1  |                3 |              4 |
| ~step_clk_BUFG       | program_counter/program_addr_reg[5]_2   | program_counter/registers[31][15]_i_8_2  |                1 |              4 |
| ~step_clk_BUFG       | program_counter/program_addr_reg[5]_11  | program_counter/registers[31][15]_i_8_11 |                1 |              4 |
| ~step_clk_BUFG       | program_counter/program_addr_reg[5]_25  | program_counter/registers[31][15]_i_8_25 |                1 |              4 |
| ~step_clk_BUFG       | program_counter/program_addr_reg[5]_17  | program_counter/registers[31][15]_i_8_17 |                2 |              4 |
| ~step_clk_BUFG       | program_counter/program_addr_reg[5]_14  | program_counter/registers[31][15]_i_8_14 |                1 |              4 |
| ~step_clk_BUFG       | program_counter/program_addr_reg[5]_29  | program_counter/registers[31][15]_i_8_29 |                1 |              4 |
| ~step_clk_BUFG       | program_counter/program_addr_reg[5]_7   | program_counter/registers[31][15]_i_8_7  |                1 |              4 |
| ~step_clk_BUFG       | program_counter/program_addr_reg[5]_26  | program_counter/registers[31][15]_i_8_26 |                2 |              4 |
| ~step_clk_BUFG       |                                         |                                          |                2 |              6 |
|  clk_BUFG            |                                         |                                          |                5 |              8 |
|  clk_BUFG            | console_ppu/hvcount/hcounter[9]_i_1_n_0 | console_ppu/hvcount/vcounter[9]_i_1_n_0  |                4 |              9 |
|  step_clk_BUFG       | program_counter/E[0]                    |                                          |                4 |              9 |
|  step_clk_BUFG       | program_counter/data[27][0]_i_2_1[0]    |                                          |                3 |              9 |
|  step_clk_BUFG       | program_counter/data[27][0]_i_2_2[0]    |                                          |                5 |              9 |
|  step_clk_BUFG       | program_counter/data[27][0]_i_2_0[0]    |                                          |                4 |              9 |
|  step_clk_BUFG       | program_counter/data[30][8]_i_4_1[0]    |                                          |                4 |              9 |
|  step_clk_BUFG       | program_counter/data[30][8]_i_4_2[0]    |                                          |                3 |              9 |
|  step_clk_BUFG       | program_counter/data[30][8]_i_4_0[0]    |                                          |                4 |              9 |
|  clk_BUFG            |                                         | console_ppu/hvcount/hcounter[9]_i_1_n_0  |                5 |             10 |
|  step_clk_BUFG       | program_counter/data[29][9]_i_3_2[0]    |                                          |                4 |             10 |
|  step_clk_BUFG       | program_counter/data[29][9]_i_4_0[0]    |                                          |                4 |             10 |
|  step_clk_BUFG       | program_counter/data[25][9]_i_2_1[0]    |                                          |                5 |             10 |
|  step_clk_BUFG       | program_counter/data[29][9]_i_4_1[0]    |                                          |                4 |             10 |
|  step_clk_BUFG       | program_counter/data[29][9]_i_3_0[0]    |                                          |                3 |             10 |
|  step_clk_BUFG       | program_counter/data[29][9]_i_3_1[0]    |                                          |                5 |             10 |
|  step_clk_BUFG       | program_counter/data[25][9]_i_2_0[0]    |                                          |                5 |             10 |
|  step_clk_BUFG       | program_counter/data[25][9]_i_2_3[0]    |                                          |                3 |             11 |
|  step_clk_BUFG       | program_counter/data[25][9]_i_2_2[0]    |                                          |                3 |             11 |
|  step_clk_BUFG       | program_counter/data[27][0]_i_2_3[0]    |                                          |                4 |             11 |
| ~step_clk_BUFG       | program_counter/program_addr_reg[5]_15  |                                          |                5 |             12 |
| ~step_clk_BUFG       | program_counter/program_addr_reg[5]_29  |                                          |                5 |             12 |
| ~step_clk_BUFG       | program_counter/program_addr_reg[5]_7   |                                          |                6 |             12 |
| ~step_clk_BUFG       | program_counter/program_addr_reg[5]_14  |                                          |                5 |             12 |
| ~step_clk_BUFG       | program_counter/program_addr_reg[5]_21  |                                          |                5 |             12 |
| ~step_clk_BUFG       | program_counter/program_addr_reg[5]_25  |                                          |                9 |             12 |
| ~step_clk_BUFG       | program_counter/program_addr_reg[5]_17  |                                          |                7 |             12 |
| ~step_clk_BUFG       | program_counter/program_addr_reg[5]_2   |                                          |                6 |             12 |
| ~step_clk_BUFG       | program_counter/program_addr_reg[5]_11  |                                          |                6 |             12 |
| ~step_clk_BUFG       | program_counter/program_addr_reg[5]_8   |                                          |                8 |             12 |
| ~step_clk_BUFG       | program_counter/program_addr_reg[5]_31  |                                          |                4 |             12 |
| ~step_clk_BUFG       | program_counter/program_addr_reg[5]_20  |                                          |                4 |             12 |
| ~step_clk_BUFG       | program_counter/program_addr_reg[5]_27  |                                          |                6 |             12 |
| ~step_clk_BUFG       | program_counter/program_addr_reg[5]_5   |                                          |                6 |             12 |
|  ctrl1/pre_finish    |                                         |                                          |                6 |             12 |
| ~step_clk_BUFG       | program_counter/program_addr_reg[5]_12  |                                          |                5 |             12 |
| ~step_clk_BUFG       | program_counter/program_addr_reg[5]_13  |                                          |                7 |             12 |
| ~step_clk_BUFG       | program_counter/program_addr_reg[5]_10  |                                          |                6 |             12 |
| ~step_clk_BUFG       | program_counter/program_addr_reg[5]_26  |                                          |                6 |             12 |
| ~step_clk_BUFG       | program_counter/program_addr_reg[5]_1   |                                          |                6 |             12 |
| ~step_clk_BUFG       | program_counter/program_addr_reg[5]_6   |                                          |                5 |             12 |
| ~step_clk_BUFG       | program_counter/program_addr_reg[5]_3   |                                          |                6 |             12 |
| ~step_clk_BUFG       | program_counter/program_addr_reg[5]_19  |                                          |                6 |             12 |
| ~step_clk_BUFG       | program_counter/program_addr_reg[5]_22  |                                          |                8 |             12 |
| ~step_clk_BUFG       | program_counter/program_addr_reg[5]_30  |                                          |                8 |             12 |
| ~step_clk_BUFG       | program_counter/program_addr_reg[5]_23  |                                          |                8 |             12 |
| ~step_clk_BUFG       | program_counter/registers               |                                          |                9 |             12 |
| ~step_clk_BUFG       | program_counter/program_addr_reg[5]_9   |                                          |                6 |             12 |
| ~step_clk_BUFG       | program_counter/program_addr_reg[5]_28  |                                          |                6 |             12 |
| ~step_clk_BUFG       | program_counter/program_addr_reg[5]_4   |                                          |                7 |             12 |
| ~step_clk_BUFG       | program_counter/program_addr_reg[5]_24  |                                          |                7 |             12 |
| ~step_clk_BUFG       | program_counter/program_addr_reg[5]_18  |                                          |                7 |             12 |
| ~step_clk_BUFG       | program_counter/program_addr_reg[5]_16  |                                          |                5 |             12 |
| ~ctrl1/snes_clk_OBUF |                                         |                                          |                7 |             14 |
|  clk_div/tff1/CLK    |                                         |                                          |               10 |             17 |
|  step_clk_BUFG       |                                         |                                          |               16 |             32 |
+----------------------+-----------------------------------------+------------------------------------------+------------------+----------------+


