Copyright 1986-2019 Xilinx, Inc. All Rights Reserved.
------------------------------------------------------------------------------------
| Tool Version : Vivado v.2019.2 (win64) Build 2708876 Wed Nov  6 21:40:23 MST 2019
| Date         : Sat Apr 25 16:08:51 2020
| Host         : DESKTOP-6IO763U running 64-bit major release  (build 9200)
| Command      : report_control_sets -verbose -file top_control_sets_placed.rpt
| Design       : top
| Device       : xc7a35t
------------------------------------------------------------------------------------

Control Set Information

Table of Contents
-----------------
1. Summary
2. Histogram
3. Flip-Flop Distribution
4. Detailed Control Set Information

1. Summary
----------

+----------------------------------------------------------+-------+
|                          Status                          | Count |
+----------------------------------------------------------+-------+
| Total control sets                                       |    20 |
|    Minimum number of control sets                        |    20 |
|    Addition due to synthesis replication                 |     0 |
|    Addition due to physical synthesis replication        |     0 |
| Unused register locations in slices containing registers |   125 |
+----------------------------------------------------------+-------+
* Control sets can be merged at opt_design using control_set_merge or merge_equivalent_drivers
** Run report_qor_suggestions for automated merging and remapping suggestions


2. Histogram
------------

+--------------------+-------+
|       Fanout       | Count |
+--------------------+-------+
| Total control sets |    20 |
| >= 0 to < 4        |    12 |
| >= 4 to < 6        |     1 |
| >= 6 to < 8        |     1 |
| >= 8 to < 10       |     2 |
| >= 10 to < 12      |     2 |
| >= 12 to < 14      |     0 |
| >= 14 to < 16      |     0 |
| >= 16              |     2 |
+--------------------+-------+
* Control sets can be remapped at either synth_design or opt_design


3. Flip-Flop Distribution
-------------------------

+--------------+-----------------------+------------------------+-----------------+--------------+
| Clock Enable | Synchronous Set/Reset | Asynchronous Set/Reset | Total Registers | Total Slices |
+--------------+-----------------------+------------------------+-----------------+--------------+
| No           | No                    | No                     |              39 |           28 |
| No           | No                    | Yes                    |               0 |            0 |
| No           | Yes                   | No                     |              38 |           12 |
| Yes          | No                    | No                     |              29 |           17 |
| Yes          | No                    | Yes                    |               0 |            0 |
| Yes          | Yes                   | No                     |               9 |            5 |
+--------------+-----------------------+------------------------+-----------------+--------------+


4. Detailed Control Set Information
-----------------------------------

+--------------------+---------------------------------+---------------------------------+------------------+----------------+
|    Clock Signal    |          Enable Signal          |         Set/Reset Signal        | Slice Load Count | Bel Load Count |
+--------------------+---------------------------------+---------------------------------+------------------+----------------+
|  div/tff1/Q        |                                 |                                 |                1 |              1 |
| ~clkdiv/CLK        | snes_data[3]_i_1_n_0            |                                 |                1 |              1 |
| ~clkdiv/CLK        | snes_data[2]_i_1_n_0            |                                 |                1 |              1 |
| ~clkdiv/CLK        | snes_data[1]_i_1_n_0            |                                 |                1 |              1 |
| ~clkdiv/CLK        | snes_data[11]_i_1_n_0           |                                 |                1 |              1 |
| ~clkdiv/CLK        | snes_data[9]_i_1_n_0            |                                 |                1 |              1 |
| ~clkdiv/CLK        | snes_data[8]_i_1_n_0            |                                 |                1 |              1 |
| ~clkdiv/CLK        | snes_data[0]_i_1_n_0            |                                 |                1 |              1 |
| ~clkdiv/CLK        | snes_data[10]_i_1_n_0           |                                 |                1 |              1 |
|  clkdiv/sw[15]     | snes_latch_i_1_n_0              |                                 |                1 |              1 |
|  clk_25MHz_BUFG    | ppu/hvcount/hcounter[9]_i_1_n_0 |                                 |                1 |              1 |
|  sys_clk_IBUF_BUFG |                                 |                                 |                1 |              1 |
| ~clkdiv/CLK        |                                 |                                 |                2 |              4 |
|  clkdiv/sw[15]     |                                 |                                 |                2 |              6 |
|  clk_BUFG          | sprite_y[8]_i_1_n_0             |                                 |                3 |              9 |
|  clk_25MHz_BUFG    | ppu/hvcount/hcounter[9]_i_1_n_0 | ppu/hvcount/vcounter[9]_i_1_n_0 |                5 |              9 |
|  clk_BUFG          | sprite_x[9]_i_1_n_0             |                                 |                4 |             10 |
|  clk_25MHz_BUFG    |                                 | ppu/hvcount/hcounter[9]_i_1_n_0 |                5 |             10 |
|  sys_clk_IBUF_BUFG |                                 | clkdiv/clear                    |                7 |             28 |
|  clk_25MHz_BUFG    |                                 |                                 |              585 |           2277 |
+--------------------+---------------------------------+---------------------------------+------------------+----------------+


